No errors on assembly of 'c:\idrive\stm8\wd20260518\exercise1\mapping.asm'
No errors on assembly of 'c:\idrive\stm8\wd20260518\exercise1\mapping.asm'
No errors on assembly of 'c:\idrive\stm8\wd20260518\exercise1\mapping.asm'
c:\idrive\stm8\wd20260518\exercise1\main.asm(49): as1 : Error 56: unrecognised opcode 'MOV TIM2_CR1,#%00000000 ; counter enable OFF'
c:\idrive\stm8\wd20260518\exercise1\main.asm(49): as1 : Error 69: Ambiguous label name 'MOV TIM2_CR1,#%00000000 ; counter enable OFF'
2 errors on assembly of 'c:\idrive\stm8\wd20260518\exercise1\main.asm'
c:\idrive\stm8\wd20260518\exercise1\main.asm(49): as1 : Error 56: unrecognised opcode 'MOV TIM2_CR1,#%00000000 ; counter enable OFF'
c:\idrive\stm8\wd20260518\exercise1\main.asm(49): as1 : Error 69: Ambiguous label name 'MOV TIM2_CR1,#%00000000 ; counter enable OFF'
c:\idrive\stm8\wd20260518\exercise1\main.asm(50): as2 : Error 46: Illegal undefined label 'TIM2_IER,#$00 ; no interrupts'
c:\idrive\stm8\wd20260518\exercise1\main.asm(51): as2 : Error 46: Illegal undefined label 'TIM2_CCMR1,#%01100000 ; PWM mode 1 + CC1 as output'
c:\idrive\stm8\wd20260518\exercise1\main.asm(52): as2 : Error 46: Illegal undefined label 'TIM2_CCER1,#%00000001 ; enable CC1 output'
c:\idrive\stm8\wd20260518\exercise1\main.asm(56): as2 : Error 46: Illegal undefined label 'TIM3_CR1,#%00000000 ; TIM3 OFF'
c:\idrive\stm8\wd20260518\exercise1\main.asm(57): as2 : Error 46: Illegal undefined label 'TIM3_PSCR,#$06 ; prescaler  = 2^^6 = 64'
c:\idrive\stm8\wd20260518\exercise1\main.asm(58): as2 : Error 46: Illegal undefined label 'TIM3_EGR,#0 ; force UEV to update prescaler'
c:\idrive\stm8\wd20260518\exercise1\main.asm(59): as2 : Error 46: Illegal undefined label 'TIM3_IER,#$01 ; TIM3 interrupt on update enabled'
9 errors on assembly of 'c:\idrive\stm8\wd20260518\exercise1\main.asm'
No errors on assembly of 'c:\idrive\stm8\wd20260518\exercise1\mapping.asm'
No errors on assembly of 'c:\idrive\stm8\wd20260518\stm8s105c6.asm'
No errors on assembly of 'c:\idrive\stm8\wd20260518\stm8s105c6.asm'
c:\idrive\stm8\wd20260518\exercise1\main.asm(50): as1 : Error 56: unrecognised opcode 'MOV TIM2_CR1,#%00000000 ; counter enable OFF'
c:\idrive\stm8\wd20260518\exercise1\main.asm(50): as1 : Error 69: Ambiguous label name 'MOV TIM2_CR1,#%00000000 ; counter enable OFF'
2 errors on assembly of 'c:\idrive\stm8\wd20260518\exercise1\main.asm'
c:\idrive\stm8\wd20260518\exercise1\main.asm(50): as1 : Error 56: unrecognised opcode 'MOV TIM2_CR1,#%00000000 ; counter enable OFF'
c:\idrive\stm8\wd20260518\exercise1\main.asm(50): as1 : Error 69: Ambiguous label name 'MOV TIM2_CR1,#%00000000 ; counter enable OFF'
2 errors on assembly of 'c:\idrive\stm8\wd20260518\exercise1\main.asm'
No errors on assembly of 'c:\idrive\stm8\wd20260518\exercise1\main.asm'
No errors on assembly of 'c:\idrive\stm8\wd20260518\exercise1\main.asm'
No errors on assembly of 'c:\idrive\stm8\wd20260518\exercise1\main.asm'
No errors on assembly of 'c:\idrive\stm8\wd20260518\exercise1\main.asm'
c:\users\admin\desktop\calabexam\exam\wd20260518\exercise1\main.asm(92): as1 : Error 54: Can't match Addressing mode '	ldw x, #2000000 ;2MHz'
1 error on assembly of 'c:\users\admin\desktop\calabexam\exam\wd20260518\exercise1\main.asm'
c:\users\admin\desktop\calabexam\exam\wd20260518\exercise1\main.asm(92): as1 : Error 54: Can't match Addressing mode '	ldw x, #2000000 ;2MHz'
1 error on assembly of 'c:\users\admin\desktop\calabexam\exam\wd20260518\exercise1\main.asm'
c:\users\admin\desktop\calabexam\exam\wd20260518\exercise1\main.asm(92): as1 : Error 54: Can't match Addressing mode '	ldw x, #2000000 ;2MHz'
1 error on assembly of 'c:\users\admin\desktop\calabexam\exam\wd20260518\exercise1\main.asm'
No errors on assembly of 'c:\users\admin\desktop\calabexam\exam\wd20260518\exercise1\mapping.asm'
No errors on assembly of 'c:\users\admin\desktop\calabexam\exam\wd20260518\exercise1\mapping.asm'
No errors on assembly of 'c:\users\admin\desktop\calabexam\exam\wd20260518\exercise1\mapping.asm'
No errors on assembly of 'c:\users\admin\desktop\calabexam\exam\wd20260518\stm8s105c6.asm'
No errors on assembly of 'c:\users\admin\desktop\calabexam\exam\wd20260518\stm8s105c6.asm'
c:\users\admin\desktop\calabexam\exam\wd20260518\exercise1\main.asm(93): as1 : Error 54: Can't match Addressing mode '	ldw x, #2000000 ;2MHz'
1 error on assembly of 'c:\users\admin\desktop\calabexam\exam\wd20260518\exercise1\main.asm'
c:\users\admin\desktop\calabexam\exam\wd20260518\exercise1\main.asm(93): as1 : Error 54: Can't match Addressing mode '	ldw x, #2000000 ;2MHz'
1 error on assembly of 'c:\users\admin\desktop\calabexam\exam\wd20260518\exercise1\main.asm'
c:\users\admin\desktop\calabexam\exam\wd20260518\exercise1\main.asm(93): as1 : Error 54: Can't match Addressing mode '	ldw x, #2000000 ;2MHz'
1 error on assembly of 'c:\users\admin\desktop\calabexam\exam\wd20260518\exercise1\main.asm'
c:\users\admin\desktop\calabexam\exam\wd20260518\exercise1\main.asm(93): as1 : Error 54: Can't match Addressing mode '	ldw x, #2000000 ;2MHz'
1 error on assembly of 'c:\users\admin\desktop\calabexam\exam\wd20260518\exercise1\main.asm'
c:\users\admin\desktop\calabexam\exam\wd20260518\exercise1\main.asm(93): as1 : Error 54: Can't match Addressing mode '	ldw x, #2000000 ;2MHz'
1 error on assembly of 'c:\users\admin\desktop\calabexam\exam\wd20260518\exercise1\main.asm'
No errors on assembly of 'c:\users\admin\desktop\calabexam\exam\wd20260518\exercise1\main.asm'
No errors on assembly of 'c:\users\admin\desktop\calabexam\exam\wd20260518\exercise1\main.asm'
No errors on assembly of 'c:\users\admin\desktop\calabexam\exam\wd20260518\exercise1\main.asm'
No errors on assembly of 'c:\users\admin\desktop\calabexam\exam\wd20260518\exercise1\main.asm'
No errors on assembly of 'c:\users\admin\desktop\calabexam\exam\wd20260518\exercise1\main.asm'
c:\users\admin\desktop\calabexam\exam\wd20260518\exercise1\main.asm(111): as2 : Error 46: Illegal undefined label 'beat_counter'
1 error on assembly of 'c:\users\admin\desktop\calabexam\exam\wd20260518\exercise1\main.asm'
No errors on assembly of 'c:\users\admin\desktop\calabexam\exam\wd20260518\exercise1\main.asm'
No errors on assembly of 'c:\users\admin\desktop\calabexam\exam\wd20260518\exercise1\main.asm'
c:\users\admin\desktop\calabexam\exam\wd20260518\exercise1\main.asm(111): as2 : Error 46: Illegal undefined label 'beat_counter'
1 error on assembly of 'c:\users\admin\desktop\calabexam\exam\wd20260518\exercise1\main.asm'
No errors on assembly of 'c:\users\admin\desktop\calabexam\exam\wd20260518\exercise1\main.asm'
No errors on assembly of 'c:\users\admin\desktop\calabexam\exam\wd20260518\exercise1\main.asm'
No errors on assembly of 'c:\users\admin\desktop\calabexam\exam\wd20260518\exercise1\main.asm'
No errors on assembly of 'c:\users\admin\desktop\calabexam\exam\wd20260518\exercise1\main.asm'
No errors on assembly of 'c:\users\admin\desktop\calabexam\exam\wd20260518\exercise1\main.asm'
No errors on assembly of 'c:\users\admin\desktop\calabexam\exam\wd20260518\exercise1\main.asm'
No errors on assembly of 'c:\users\admin\desktop\calabexam\exam\wd20260518\exercise1\main.asm'
No errors on assembly of 'c:\users\admin\desktop\calabexam\exam\wd20260518\exercise1\main.asm'
No errors on assembly of 'c:\users\admin\desktop\calabexam\exam\wd20260518\exercise1\main.asm'
No errors on assembly of 'c:\users\admin\desktop\calabexam\exam\wd20260518\exercise1\main.asm'
No errors on assembly of 'c:\users\admin\desktop\calabexam\exam\wd20260518\exercise1\main.asm'
No errors on assembly of 'c:\users\admin\desktop\calabexam\exam\wd20260518\exercise1\main.asm'
No errors on assembly of 'c:\users\admin\desktop\calabexam\exam\wd20260518\exercise1\main.asm'
No errors on assembly of 'c:\users\admin\desktop\calabexam\exam\wd20260518\exercise1\main.asm'
No errors on assembly of 'c:\users\admin\desktop\calabexam\exam\wd20260518\exercise1\main.asm'
c:\users\admin\desktop\calabexam\exam\wd20260518\exercise1\main.asm(135): as1 : Error 54: Can't match Addressing mode '	clr x'
c:\users\admin\desktop\calabexam\exam\wd20260518\exercise1\main.asm(139): as1 : Error 67: Improper Character(s) ');x now has duty cycle value'
c:\users\admin\desktop\calabexam\exam\wd20260518\exercise1\main.asm(144): as1 : Error 54: Can't match Addressing mode '	clr x ;just to be safe'
3 errors on assembly of 'c:\users\admin\desktop\calabexam\exam\wd20260518\exercise1\main.asm'
c:\users\admin\desktop\calabexam\exam\wd20260518\exercise1\main.asm(135): as1 : Error 54: Can't match Addressing mode '	clr x'
c:\users\admin\desktop\calabexam\exam\wd20260518\exercise1\main.asm(139): as1 : Error 67: Improper Character(s) ');x now has duty cycle value'
c:\users\admin\desktop\calabexam\exam\wd20260518\exercise1\main.asm(144): as1 : Error 54: Can't match Addressing mode '	clr x ;just to be safe'
3 errors on assembly of 'c:\users\admin\desktop\calabexam\exam\wd20260518\exercise1\main.asm'
c:\users\admin\desktop\calabexam\exam\wd20260518\exercise1\main.asm(135): as1 : Error 54: Can't match Addressing mode '	clr x'
c:\users\admin\desktop\calabexam\exam\wd20260518\exercise1\main.asm(139): as1 : Error 67: Improper Character(s) ');x now has duty cycle value'
c:\users\admin\desktop\calabexam\exam\wd20260518\exercise1\main.asm(144): as1 : Error 54: Can't match Addressing mode '	clr x ;just to be safe'
3 errors on assembly of 'c:\users\admin\desktop\calabexam\exam\wd20260518\exercise1\main.asm'
c:\users\admin\desktop\calabexam\exam\wd20260518\exercise1\main.asm(139): as1 : Error 67: Improper Character(s) ');x now has duty cycle value'
1 error on assembly of 'c:\users\admin\desktop\calabexam\exam\wd20260518\exercise1\main.asm'
c:\users\admin\desktop\calabexam\exam\wd20260518\exercise1\main.asm(139): as1 : Error 67: Improper Character(s) ');x now has duty cycle value'
1 error on assembly of 'c:\users\admin\desktop\calabexam\exam\wd20260518\exercise1\main.asm'
c:\users\admin\desktop\calabexam\exam\wd20260518\exercise1\main.asm(139): as1 : Error 67: Improper Character(s) ');x now has duty cycle value'
1 error on assembly of 'c:\users\admin\desktop\calabexam\exam\wd20260518\exercise1\main.asm'
No errors on assembly of 'c:\users\admin\desktop\calabexam\exam\wd20260518\exercise1\main.asm'
No errors on assembly of 'c:\users\admin\desktop\calabexam\exam\wd20260518\exercise1\main.asm'
No errors on assembly of 'c:\users\admin\desktop\calabexam\exam\wd20260518\exercise1\main.asm'
No errors on assembly of 'c:\users\admin\desktop\calabexam\exam\wd20260518\exercise1\main.asm'
No errors on assembly of 'c:\users\admin\desktop\calabexam\exam\wd20260518\exercise1\main.asm'
No errors on assembly of 'c:\users\admin\desktop\calabexam\exam\wd20260518\exercise1\main.asm'
No errors on assembly of 'c:\users\admin\desktop\calabexam\exam\wd20260518\exercise1\main.asm'
No errors on assembly of 'c:\users\admin\desktop\calabexam\exam\wd20260518\exercise1\main.asm'
No errors on assembly of 'c:\users\admin\desktop\calabexam\exam\wd20260518\exercise1\main.asm'
No errors on assembly of 'c:\users\admin\desktop\calabexam\exam\wd20260518\exercise1\main.asm'
No errors on assembly of 'c:\users\admin\desktop\calabexam\exam\wd20260518\exercise1\main.asm'
No errors on assembly of 'c:\users\admin\desktop\calabexam\exam\wd20260518\exercise1\main.asm'
No errors on assembly of 'c:\users\admin\desktop\calabexam\exam\wd20260518\exercise1\main.asm'
No errors on assembly of 'c:\users\admin\desktop\calabexam\exam\wd20260518\exercise1\main.asm'
No errors on assembly of 'c:\users\admin\desktop\calabexam\exam\wd20260518\exercise1\main.asm'
No errors on assembly of 'c:\users\admin\desktop\calabexam\exam\wd20260518\exercise1\main.asm'
No errors on assembly of 'c:\users\admin\desktop\calabexam\exam\wd20260518\exercise1\main.asm'
No errors on assembly of 'c:\users\admin\desktop\calabexam\exam\wd20260518\exercise1\main.asm'
c:\users\admin\desktop\calabexam\exam\wd20260518\exercise1\main.asm(61): as1 : Error 56: unrecognised opcode '	clrw, x'
1 error on assembly of 'c:\users\admin\desktop\calabexam\exam\wd20260518\exercise1\main.asm'
c:\users\admin\desktop\calabexam\exam\wd20260518\exercise1\main.asm(61): as1 : Error 56: unrecognised opcode '	clrw, x'
1 error on assembly of 'c:\users\admin\desktop\calabexam\exam\wd20260518\exercise1\main.asm'
c:\users\admin\desktop\calabexam\exam\wd20260518\exercise1\main.asm(61): as1 : Error 56: unrecognised opcode '	clrw, x'
1 error on assembly of 'c:\users\admin\desktop\calabexam\exam\wd20260518\exercise1\main.asm'
No errors on assembly of 'c:\users\admin\desktop\calabexam\exam\wd20260518\exercise1\main.asm'
No errors on assembly of 'c:\users\admin\desktop\calabexam\exam\wd20260518\exercise1\main.asm'
No errors on assembly of 'c:\users\admin\desktop\calabexam\exam\wd20260518\exercise1\main.asm'
No errors on assembly of 'c:\users\admin\desktop\calabexam\exam\wd20260518\exercise1\main.asm'
No errors on assembly of 'c:\users\admin\desktop\calabexam\exam\wd20260518\exercise1\main.asm'
No errors on assembly of 'c:\users\admin\desktop\calabexam\exam\wd20260518\exercise1\main.asm'
No errors on assembly of 'c:\users\admin\desktop\calabexam\exam\wd20260518\exercise1\main.asm'
No errors on assembly of 'c:\users\admin\desktop\calabexam\exam\wd20260518\exercise1\main.asm'
No errors on assembly of 'c:\users\admin\desktop\calabexam\exam\wd20260518\exercise1\main.asm'
No errors on assembly of 'c:\users\admin\desktop\calabexam\exam\wd20260518\exercise1\main.asm'
No errors on assembly of 'c:\users\admin\desktop\calabexam\exam\wd20260518\exercise1\main.asm'
No errors on assembly of 'c:\users\admin\desktop\calabexam\exam\wd20260518\exercise1\main.asm'
No errors on assembly of 'c:\users\admin\desktop\calabexam\exam\wd20260518\exercise1\main.asm'
No errors on assembly of 'c:\users\admin\desktop\calabexam\exam\wd20260518\exercise1\main.asm'
No errors on assembly of 'c:\users\admin\desktop\calabexam\exam\wd20260518\exercise1\main.asm'
No errors on assembly of 'c:\users\admin\desktop\calabexam\exam\wd20260518\exercise1\main.asm'
No errors on assembly of 'c:\users\admin\desktop\calabexam\exam\wd20260518\exercise1\main.asm'
No errors on assembly of 'c:\users\admin\desktop\calabexam\exam\wd20260518\exercise1\main.asm'
No errors on assembly of 'c:\users\admin\desktop\calabexam\exam\wd20260518\exercise1\main.asm'
No errors on assembly of 'c:\users\admin\desktop\calabexam\exam\wd20260518\exercise1\main.asm'
No errors on assembly of 'c:\users\admin\desktop\calabexam\exam\wd20260518\exercise1\main.asm'
No errors on assembly of 'c:\users\admin\desktop\calabexam\exam\wd20260518\exercise1\main.asm'
No errors on assembly of 'c:\users\admin\desktop\calabexam\exam\wd20260518\exercise1\main.asm'
No errors on assembly of 'c:\users\admin\desktop\calabexam\exam\wd20260518\exercise1\main.asm'
No errors on assembly of 'c:\users\admin\desktop\calabexam\exam\wd20260518\exercise1\main.asm'
No errors on assembly of 'c:\users\admin\desktop\calabexam\exam\wd20260518\exercise1\main.asm'
No errors on assembly of 'c:\users\admin\desktop\calabexam\exam\wd20260518\exercise1\main.asm'
No errors on assembly of 'c:\users\admin\desktop\calabexam\exam\wd20260518\exercise1\main.asm'
No errors on assembly of 'c:\users\admin\desktop\calabexam\exam\wd20260518\exercise1\main.asm'
No errors on assembly of 'c:\users\admin\desktop\calabexam\exam\wd20260518\exercise1\main.asm'
No errors on assembly of 'c:\users\admin\desktop\calabexam\exam\wd20260518\exercise1\main.asm'
No errors on assembly of 'c:\users\admin\desktop\calabexam\exam\wd20260518\exercise1\main.asm'
No errors on assembly of 'c:\users\admin\desktop\calabexam\exam\wd20260518\exercise1\main.asm'
No errors on assembly of 'c:\users\admin\desktop\calabexam\exam\wd20260518\exercise1\main.asm'
No errors on assembly of 'd:\unidocuments\compooterarchitecture\calabexam\exam\wd20260518\exercise1\main.asm'
No errors on assembly of 'c:\users\admin\desktop\github\assembly\exercise1\main.asm'
